// Jest Snapshot v1, https://goo.gl/fbAQLP

exports[`<Tags/> Render should match a snapshot 1`] = `
<View
  style={
    Array [
      undefined,
      null,
      undefined,
    ]
  }
  testID="tagsList"
>
  <TouchableOpacity
    activeOpacity={0.2}
    key="undefined_button"
    onPress={[Function]}
    testID="tagsListTag"
  >
    <ColorField
      color={
        Object {
          "id": 1,
        }
      }
      defaultColorCoding={null}
      fullText={true}
      style={
        Array [
          Array [
            undefined,
            null,
          ],
          Object {
            "marginLeft": 0,
          },
        ]
      }
      testID="tagColor"
    />
  </TouchableOpacity>
</View>
`;
