// Jest Snapshot v1, https://goo.gl/fbAQLP

exports[`<Diff/> Render should match a snapshot 1`] = `
<View
  testID="diff"
>
  <Text
    style={
      Object {
        "paddingBottom": 8,
        "paddingTop": 8,
      }
    }
    testID="diffText"
  >
    <Text
      key="0"
      style={
        Object {
          "backgroundColor": "#E6FFE6",
          "color": "#737577",
        }
      }
      testID="diffInsert"
    >
      x
    </Text>
    <Text
      key="1"
      style={
        Object {
          "color": "#737577",
        }
      }
      testID="diffEqual"
    >
      ABC
    </Text>
    <Text
      key="2"
      style={
        Object {
          "backgroundColor": "#FFE6E6",
          "color": "#737577",
        }
      }
      testID="diffDelete"
    >
      y
    </Text>
  </Text>
</View>
`;
